EQU operation can not be applied to a non-REGISTER type
