REF cannot have the second argument of the types VAL or REG
